interactions:
- request:
    body: null
    headers:
      Accept:
      - text/x-bibliography; style = apa; locale = en-US
      Accept-Encoding:
      - gzip, deflate
      Connection:
      - keep-alive
      User-Agent:
      - python-requests/2.28.1 habanero/1.2.4
      X-USER-AGENT:
      - python-requests/2.28.1 habanero/1.2.4
    method: GET
    uri: https://doi.org/10.1126/science.169.3946.635
  response:
    body:
      string: '<html><head><title>Handle Redirect</title></head>

        <body><a href="https://api.crossref.org/v1/works/10.1126%2Fscience.169.3946.635/transform">https://api.crossref.org/v1/works/10.1126%2Fscience.169.3946.635/transform</a></body></html>'
    headers:
      CF-Cache-Status:
      - DYNAMIC
      CF-RAY:
      - 798e705bce4dc60a-SEA
      Connection:
      - keep-alive
      Content-Length:
      - '233'
      Content-Type:
      - text/html;charset=utf-8
      Date:
      - Mon, 13 Feb 2023 15:01:21 GMT
      NEL:
      - '{"success_fraction":0,"report_to":"cf-nel","max_age":604800}'
      Report-To:
      - '{"endpoints":[{"url":"https:\/\/a.nel.cloudflare.com\/report\/v3?s=%2FR%2FBFqVkbrAvNQZubsSGsZNqYXpXo5iREpTVmIceYzTBbc7dKg%2FjzDhItGgWZ%2FKBxiXYQ9avLKbB6lm3Ov3xVXyTJtUI3a2E3CZ2A%2FmREtqqxnPOuZvSd04%3D"}],"group":"cf-nel","max_age":604800}'
      Server:
      - cloudflare
      Strict-Transport-Security:
      - max-age=31536000; includeSubDomains; preload
      alt-svc:
      - h3=":443"; ma=86400, h3-29=":443"; ma=86400
      expires:
      - Mon, 13 Feb 2023 15:59:03 GMT
      location:
      - https://api.crossref.org/v1/works/10.1126%2Fscience.169.3946.635/transform
      permissions-policy:
      - interest-cohort=(),browsing-topics=()
      vary:
      - Accept
    status:
      code: 302
      message: Found
- request:
    body: null
    headers:
      Accept:
      - text/x-bibliography; style = apa; locale = en-US
      Accept-Encoding:
      - gzip, deflate
      Connection:
      - keep-alive
      User-Agent:
      - python-requests/2.28.1 habanero/1.2.4
      X-USER-AGENT:
      - python-requests/2.28.1 habanero/1.2.4
    method: GET
    uri: https://api.crossref.org/v1/works/10.1126%2Fscience.169.3946.635/transform
  response:
    body:
      string: "Frank, H. S. (1970). The Structure of Ordinary Water. Science, 169(3946),
        635\u2013641. https://doi.org/10.1126/science.169.3946.635\n"
    headers:
      access-control-allow-headers:
      - X-Requested-With, Accept, Accept-Encoding, Accept-Charset, Accept-Language,
        Accept-Ranges, Cache-Control
      access-control-allow-origin:
      - '*'
      access-control-expose-headers:
      - Link
      connection:
      - close
      content-type:
      - text/x-bibliography
      date:
      - Mon, 13 Feb 2023 15:01:24 GMT
      link:
      - <http://dx.doi.org/10.1126/science.169.3946.635>; rel="canonical", <https://syndication.highwire.org/content/doi/10.1126/science.169.3946.635>;
        version="vor"; rel="item"
      permissions-policy:
      - interest-cohort=()
      server:
      - Jetty(9.4.40.v20210413)
      transfer-encoding:
      - chunked
      vary:
      - Accept
      x-api-pool:
      - public
      x-rate-limit-interval:
      - 1s
      x-rate-limit-limit:
      - '50'
      x-ratelimit-interval:
      - 1s
      x-ratelimit-limit:
      - '50'
    status:
      code: 200
      message: OK
- request:
    body: null
    headers:
      Accept:
      - text/x-bibliography; style = ieee; locale = en-US
      Accept-Encoding:
      - gzip, deflate
      Connection:
      - keep-alive
      User-Agent:
      - python-requests/2.28.1 habanero/1.2.4
      X-USER-AGENT:
      - python-requests/2.28.1 habanero/1.2.4
    method: GET
    uri: https://doi.org/10.1126/science.169.3946.635
  response:
    body:
      string: '<html><head><title>Handle Redirect</title></head>

        <body><a href="https://api.crossref.org/v1/works/10.1126%2Fscience.169.3946.635/transform">https://api.crossref.org/v1/works/10.1126%2Fscience.169.3946.635/transform</a></body></html>'
    headers:
      CF-Cache-Status:
      - DYNAMIC
      CF-RAY:
      - 798e70706f51c37f-SEA
      Connection:
      - keep-alive
      Content-Length:
      - '233'
      Content-Type:
      - text/html;charset=utf-8
      Date:
      - Mon, 13 Feb 2023 15:01:25 GMT
      NEL:
      - '{"success_fraction":0,"report_to":"cf-nel","max_age":604800}'
      Report-To:
      - '{"endpoints":[{"url":"https:\/\/a.nel.cloudflare.com\/report\/v3?s=W40r%2FpME0sVKfvcSLzSMcAh9Q3HSHtSA28OV2e%2FdtBYQ7em2pzIj%2Bwf3I8vRdSJQcU7uj4Jj96psIGE7vpN4A3QlevzJC6VBSAL5T0hn4PViggiwU8xd8lA%3D"}],"group":"cf-nel","max_age":604800}'
      Server:
      - cloudflare
      Strict-Transport-Security:
      - max-age=31536000; includeSubDomains; preload
      alt-svc:
      - h3=":443"; ma=86400, h3-29=":443"; ma=86400
      expires:
      - Mon, 13 Feb 2023 15:59:03 GMT
      location:
      - https://api.crossref.org/v1/works/10.1126%2Fscience.169.3946.635/transform
      permissions-policy:
      - interest-cohort=(),browsing-topics=()
      vary:
      - Accept
    status:
      code: 302
      message: Found
- request:
    body: null
    headers:
      Accept:
      - text/x-bibliography; style = ieee; locale = en-US
      Accept-Encoding:
      - gzip, deflate
      Connection:
      - keep-alive
      User-Agent:
      - python-requests/2.28.1 habanero/1.2.4
      X-USER-AGENT:
      - python-requests/2.28.1 habanero/1.2.4
    method: GET
    uri: https://api.crossref.org/v1/works/10.1126%2Fscience.169.3946.635/transform
  response:
    body:
      string: "[1]H. S. Frank, \u201CThe Structure of Ordinary Water,\u201D Science,
        vol. 169, no. 3946, pp. 635\u2013641, Aug. 1970, doi: 10.1126/science.169.3946.635.\n"
    headers:
      access-control-allow-headers:
      - X-Requested-With, Accept, Accept-Encoding, Accept-Charset, Accept-Language,
        Accept-Ranges, Cache-Control
      access-control-allow-origin:
      - '*'
      access-control-expose-headers:
      - Link
      connection:
      - close
      content-type:
      - text/x-bibliography
      date:
      - Mon, 13 Feb 2023 15:01:25 GMT
      link:
      - <http://dx.doi.org/10.1126/science.169.3946.635>; rel="canonical", <https://syndication.highwire.org/content/doi/10.1126/science.169.3946.635>;
        version="vor"; rel="item"
      permissions-policy:
      - interest-cohort=()
      server:
      - Jetty(9.4.40.v20210413)
      transfer-encoding:
      - chunked
      vary:
      - Accept
      x-api-pool:
      - public
      x-rate-limit-interval:
      - 1s
      x-rate-limit-limit:
      - '50'
      x-ratelimit-interval:
      - 1s
      x-ratelimit-limit:
      - '50'
    status:
      code: 200
      message: OK
version: 1
